// Jest Snapshot v1, https://goo.gl/fbAQLP

exports[`Calendar should render 1`] = `
<View>
  <Text>
    Calendar
  </Text>
</View>
`;
