// Jest Snapshot v1, https://goo.gl/fbAQLP

exports[`Split should render 1`] = `
<View>
  <Text>
    Split
  </Text>
</View>
`;
